[dotenv@17.2.3] injecting env (10) from .env -- tip: ­ƒôí add observability to secrets: https://dotenvx.com/ops

=== TEST START: sp_Equipo_ObtenerInforme ===
Carnet: 500708
Fecha: 2026-02-04
[DB] Creando pool de conexiones SQL Server...
[DB] Ô£à Pool SQL Server conectado
[DB] ­ƒöº SET QUOTED_IDENTIFIER ON aplicado

=== RESULTADO ===
[
  {
    "carnet": "500708",
    "retrasadas": 13,
    "planificadas": 6,
    "hechas": 8,
    "enCurso": 1,
    "bloqueadas": 0,
    "descartadas": 0
  }
]

--- Resumen ---
Planificadas (Total Carga): 6
Retrasadas:               13
En Curso:                 1
Bloqueadas:               0
Hechas (Hoy):             8
Descartadas (Hoy):        0

=== TEST END ===
